PS C:\Users\DRI\Desktop\python_lessons\python_lessons\lesson9_git> git clone git@github.com:chodorkarolina-art/repo_hw_1.git
Cloning into 'repo_hw_1'...
remote: Enumerating objects: 4, done.
remote: Counting objects: 100% (4/4), done.
remote: Compressing objects: 100% (4/4), done.
Receiving objects: 100% (4/4), done.
remote: Total 4 (delta 0), reused 0 (delta 0), pack-reused 0 (from 0)
PS C:\Users\DRI\Desktop\python_lessons\python_lessons\lesson9_git> cd repo_hw_1
PS C:\Users\DRI\Desktop\python_lessons\python_lessons\lesson9_git\repo_hw_1> git checkout -b develop
Switched to a new branch 'develop'
PS C:\Users\DRI\Desktop\python_lessons\python_lessons\lesson9_git\repo_hw_1> git push -u origin develop
Total 0 (delta 0), reused 0 (delta 0), pack-reused 0 (from 0)
remote: 
remote: Create a pull request for 'develop' on GitHub by visiting:
remote:      https://github.com/chodorkarolina-art/repo_hw_1/pull/new/develop
remote: 
To github.com:chodorkarolina-art/repo_hw_1.git
 * [new branch]      develop -> develop
branch 'develop' set up to track 'origin/develop'.
PS C:\Users\DRI\Desktop\python_lessons\python_lessons\lesson9_git\repo_hw_1> mkdir src tests docs
mkdir : A positional parameter cannot be found that accepts argument 'tests'.
At line:1 char:1
+ mkdir src tests docs
+ ~~~~~~~~~~~~~~~~~~~~
    + CategoryInfo          : InvalidArgument: (:) [mkdir], ParameterBindingException
    + FullyQualifiedErrorId : PositionalParameterNotFound,mkdir
 
PS C:\Users\DRI\Desktop\python_lessons\python_lessons\lesson9_git\repo_hw_1> mkdir src,tests,docs


    Directory: C:\Users\DRI\Desktop\python_lessons\python_lessons\lesson9_git\repo_hw_1


Mode                 LastWriteTime         Length Name                                                                                
----                 -------------         ------ ----                                                                                
d-----        08.06.2026     21:11                src                                                                                 
d-----        08.06.2026     21:11                tests                                                                               
d-----        08.06.2026     21:11                docs                                                                                


PS C:\Users\DRI\Desktop\python_lessons\python_lessons\lesson9_git\repo_hw_1> git add .
PS C:\Users\DRI\Desktop\python_lessons\python_lessons\lesson9_git\repo_hw_1> git commit -m "Dodano strukturę projektu"
On branch develop
Your branch is up to date with 'origin/develop'.

nothing to commit, working tree clean
PS C:\Users\DRI\Desktop\python_lessons\python_lessons\lesson9_git\repo_hw_1> git push
Everything up-to-date
PS C:\Users\DRI\Desktop\python_lessons\python_lessons\lesson9_git\repo_hw_1> New-Item src\.gitkeep


    Directory: C:\Users\DRI\Desktop\python_lessons\python_lessons\lesson9_git\repo_hw_1\src


Mode                 LastWriteTime         Length Name                                                                                
----                 -------------         ------ ----                                                                                
-a----        08.06.2026     21:20              0 .gitkeep                                                                            


PS C:\Users\DRI\Desktop\python_lessons\python_lessons\lesson9_git\repo_hw_1> New-Item tests\.gitkeep


    Directory: C:\Users\DRI\Desktop\python_lessons\python_lessons\lesson9_git\repo_hw_1\tests


Mode                 LastWriteTime         Length Name                                                                                
----                 -------------         ------ ----                                                                                
-a----        08.06.2026     21:20              0 .gitkeep                                                                            


PS C:\Users\DRI\Desktop\python_lessons\python_lessons\lesson9_git\repo_hw_1> New-Item docs\.gitkeep


    Directory: C:\Users\DRI\Desktop\python_lessons\python_lessons\lesson9_git\repo_hw_1\docs


Mode                 LastWriteTime         Length Name                                                                                
----                 -------------         ------ ----                                                                                
-a----        08.06.2026     21:20              0 .gitkeep                                                                            


PS C:\Users\DRI\Desktop\python_lessons\python_lessons\lesson9_git\repo_hw_1> git add .
PS C:\Users\DRI\Desktop\python_lessons\python_lessons\lesson9_git\repo_hw_1> git commit -m "Dodano pliki .gitkeep aby zachować puste foldery"
[develop 639518d] Dodano pliki .gitkeep aby zachować puste foldery
 3 files changed, 0 insertions(+), 0 deletions(-)
 create mode 100644 docs/.gitkeep
 create mode 100644 src/.gitkeep
 create mode 100644 tests/.gitkeep
PS C:\Users\DRI\Desktop\python_lessons\python_lessons\lesson9_git\repo_hw_1> git push
Enumerating objects: 5, done.
Counting objects: 100% (5/5), done.
Delta compression using up to 20 threads
Compressing objects: 100% (2/2), done.
Writing objects: 100% (4/4), 404 bytes | 404.00 KiB/s, done.
Total 4 (delta 0), reused 0 (delta 0), pack-reused 0 (from 0)
To github.com:chodorkarolina-art/repo_hw_1.git
   8bdb7ed..639518d  develop -> develop
PS C:\Users\DRI\Desktop\python_lessons\python_lessons\lesson9_git\repo_hw_1> 