PS C:\Users\DRI\Desktop\python_lessons\python_lessons\lesson9_git> mkdir lesson9_task7


    Directory: C:\Users\DRI\Desktop\python_lessons\python_lessons\lesson9_git


Mode                 LastWriteTime         Length Name                                                                                
----                 -------------         ------ ----                                                                                
d-----        07.06.2026     20:41                lesson9_task7                                                                       


PS C:\Users\DRI\Desktop\python_lessons\python_lessons\lesson9_git> cd lesson9_task7
PS C:\Users\DRI\Desktop\python_lessons\python_lessons\lesson9_git\lesson9_task7> git init
Initialized empty Git repository in C:/Users/DRI/Desktop/python_lessons/python_lessons/lesson9_git/lesson9_task7/.git/
PS C:\Users\DRI\Desktop\python_lessons\python_lessons\lesson9_git\lesson9_task7> git branch
PS C:\Users\DRI\Desktop\python_lessons\python_lessons\lesson9_git\lesson9_task7> git status
On branch master

No commits yet

nothing to commit (create/copy files and use "git add" to track)
PS C:\Users\DRI\Desktop\python_lessons\python_lessons\lesson9_git\lesson9_task7> git add conflict_example.txt
PS C:\Users\DRI\Desktop\python_lessons\python_lessons\lesson9_git\lesson9_task7> git commit -m "feat: dodano pierwsza linie"
[master (root-commit) 592696e] feat: dodano pierwsza linie
 1 file changed, 1 insertion(+)
 create mode 100644 conflict_example.txt
PS C:\Users\DRI\Desktop\python_lessons\python_lessons\lesson9_git\lesson9_task7> git checkout -b branch-A
Switched to a new branch 'branch-A'
PS C:\Users\DRI\Desktop\python_lessons\python_lessons\lesson9_git\lesson9_task7> git branch
* branch-A
  master
PS C:\Users\DRI\Desktop\python_lessons\python_lessons\lesson9_git\lesson9_task7> git add conflict_example.txt
PS C:\Users\DRI\Desktop\python_lessons\python_lessons\lesson9_git\lesson9_task7> git commit -m "feat: dodano druga linie w branch-A"
[branch-A 9002bd6] feat: dodano druga linie w branch-A
 1 file changed, 2 insertions(+), 1 deletion(-)
PS C:\Users\DRI\Desktop\python_lessons\python_lessons\lesson9_git\lesson9_task7> git checkout master
Switched to branch 'master'
PS C:\Users\DRI\Desktop\python_lessons\python_lessons\lesson9_git\lesson9_task7> git add conflict_example.txt
PS C:\Users\DRI\Desktop\python_lessons\python_lessons\lesson9_git\lesson9_task7> git commit -m "fix: zmieniono pierwsza linie i dodano druga w master"
[master 6330ffd] fix: zmieniono pierwsza linie i dodano druga w master
 1 file changed, 2 insertions(+), 1 deletion(-)
PS C:\Users\DRI\Desktop\python_lessons\python_lessons\lesson9_git\lesson9_task7> git merge branch-A
Auto-merging conflict_example.txt
CONFLICT (content): Merge conflict in conflict_example.txt
Automatic merge failed; fix conflicts and then commit the result.
PS C:\Users\DRI\Desktop\python_lessons\python_lessons\lesson9_git\lesson9_task7> git add conflict_example.txt
PS C:\Users\DRI\Desktop\python_lessons\python_lessons\lesson9_git\lesson9_task7> git commit -m "merge: rozwiazano konflikt branch-A"
[master bad5353] merge: rozwiazano konflikt branch-A
PS C:\Users\DRI\Desktop\python_lessons\python_lessons\lesson9_git\lesson9_task7> git log --oneline --graph --all
*   bad5353 (HEAD -> master) merge: rozwiazano konflikt branch-A
|\  
| * 9002bd6 (branch-A) feat: dodano druga linie w branch-A
* | 6330ffd fix: zmieniono pierwsza linie i dodano druga w master
|/  
* 592696e feat: dodano pierwsza linie
PS C:\Users\DRI\Desktop\python_lessons\python_lessons\lesson9_git\lesson9_task7> git status
On branch master
nothing to commit, working tree clean
PS C:\Users\DRI\Desktop\python_lessons\python_lessons\lesson9_git\lesson9_task7> 