PS C:\Users\DRI\Desktop\python_lessons\python_lessons\lesson9_git> mkdir moje_repo
               

    Directory: C:\Users\DRI\Desktop\python_lessons\python_lessons\lesson9_git


Mode                 LastWriteTime         Length Name                                                                                                         
----                 -------------         ------ ----                                                                                                         
d-----        07.06.2026     09:53                moje_repo                                                                                                    


PS C:\Users\DRI\Desktop\python_lessons\python_lessons\lesson9_git> cd moje_repo   
PS C:\Users\DRI\Desktop\python_lessons\python_lessons\lesson9_git\moje_repo> git init
Initialized empty Git repository in C:/Users/DRI/Desktop/python_lessons/python_lessons/lesson9_git/moje_repo/.git/
PS C:\Users\DRI\Desktop\python_lessons\python_lessons\lesson9_git\moje_repo> echo "# Mój pierwszy projekt Git" > README.md
PS C:\Users\DRI\Desktop\python_lessons\python_lessons\lesson9_git\moje_repo> type README.md
# Mój pierwszy projekt Git
PS C:\Users\DRI\Desktop\python_lessons\python_lessons\lesson9_git\moje_repo> git add README.md
PS C:\Users\DRI\Desktop\python_lessons\python_lessons\lesson9_git\moje_repo> git status
On branch master

No commits yet

Changes to be committed:
  (use "git rm --cached <file>..." to unstage)
        new file:   README.md

PS C:\Users\DRI\Desktop\python_lessons\python_lessons\lesson9_git\moje_repo> git commit -m "Dodano plik README"
[master (root-commit) 4595b59] Dodano plik README
 1 file changed, 0 insertions(+), 0 deletions(-)
 create mode 100644 README.md
PS C:\Users\DRI\Desktop\python_lessons\python_lessons\lesson9_git\moje_repo> git log
commit 4595b59d053aab1008342bc67b2e5680d5e13a41 (HEAD -> master)
Author: Karolina <chodor.karolina@gmail.com>
Date:   Sun Jun 7 09:55:59 2026 +0200

    Dodano plik README
PS C:\Users\DRI\Desktop\python_lessons\python_lessons\lesson9_git\moje_repo> 